2026-08-12T00:03:50.600+05:30  INFO 1728 --- [chargingservice] [SpringApplicationShutdownHook] o.s.boot.tomcat.GracefulShutdown         : Commencing graceful shutdown. Waiting for active requests to complete
2026-08-12T00:03:50.767+05:30  INFO 1728 --- [chargingservice] [tomcat-shutdown] o.s.boot.tomcat.GracefulShutdown         : Graceful shutdown complete
2026-08-12T00:03:50.829+05:30  INFO 1728 --- [chargingservice] [SpringApplicationShutdownHook] j.LocalContainerEntityManagerFactoryBean : Closing JPA EntityManagerFactory for persistence unit 'default'
2026-08-12T00:03:50.888+05:30  INFO 1728 --- [chargingservice] [SpringApplicationShutdownHook] com.zaxxer.hikari.HikariDataSource       : HikariPool-1 - Shutdown initiated...
2026-08-12T00:03:50.920+05:30  INFO 1728 --- [chargingservice] [SpringApplicationShutdownHook] com.zaxxer.hikari.HikariDataSource       : HikariPool-1 - Shutdown completed.
2026-08-12T00:06:01.283+05:30  INFO 16840 --- [chargingservice] [main] c.d.c.ChargingserviceApplication         : Starting ChargingserviceApplication using Java 25.0.1 with PID 16840 (C:\Users\Danish\Downloads\chargingservice\chargingservice\target\classes started by Danish in C:\Users\Danish\Downloads\chargingservice)
2026-08-12T00:06:01.293+05:30  INFO 16840 --- [chargingservice] [main] c.d.c.ChargingserviceApplication         : No active profile set, falling back to 1 default profile: "default"
2026-08-12T00:06:03.363+05:30  INFO 16840 --- [chargingservice] [main] .s.d.r.c.RepositoryConfigurationDelegate : Bootstrapping Spring Data JPA repositories in DEFAULT mode.
2026-08-12T00:06:03.502+05:30  INFO 16840 --- [chargingservice] [main] .s.d.r.c.RepositoryConfigurationDelegate : Finished Spring Data repository scanning in 120 ms. Found 3 JPA repository interfaces.
2026-08-12T00:06:04.583+05:30  INFO 16840 --- [chargingservice] [main] o.s.boot.tomcat.TomcatWebServer          : Tomcat initialized with port 8081 (http)
2026-08-12T00:06:04.613+05:30  INFO 16840 --- [chargingservice] [main] o.apache.catalina.core.StandardService   : Starting service [Tomcat]
2026-08-12T00:06:04.614+05:30  INFO 16840 --- [chargingservice] [main] o.apache.catalina.core.StandardEngine    : Starting Servlet engine: [Apache Tomcat/11.0.22]
2026-08-12T00:06:04.736+05:30  INFO 16840 --- [chargingservice] [main] b.w.c.s.WebApplicationContextInitializer : Root WebApplicationContext: initialization completed in 3271 ms
2026-08-12T00:06:05.123+05:30  INFO 16840 --- [chargingservice] [main] org.hibernate.orm.jpa                    : HHH008540: Processing PersistenceUnitInfo [name: default]
2026-08-12T00:06:05.228+05:30  INFO 16840 --- [chargingservice] [main] org.hibernate.orm.core                   : HHH000001: Hibernate ORM core version 7.2.19.Final
2026-08-12T00:06:06.268+05:30  INFO 16840 --- [chargingservice] [main] o.s.o.j.p.SpringPersistenceUnitInfo      : No LoadTimeWeaver setup: ignoring JPA class transformer
2026-08-12T00:06:06.334+05:30  INFO 16840 --- [chargingservice] [main] com.zaxxer.hikari.HikariDataSource       : HikariPool-1 - Starting...
2026-08-12T00:06:06.665+05:30  INFO 16840 --- [chargingservice] [main] com.zaxxer.hikari.pool.HikariPool        : HikariPool-1 - Added connection org.postgresql.jdbc.PgConnection@2da5fdc
2026-08-12T00:06:06.669+05:30  INFO 16840 --- [chargingservice] [main] com.zaxxer.hikari.HikariDataSource       : HikariPool-1 - Start completed.
2026-08-12T00:06:06.840+05:30  INFO 16840 --- [chargingservice] [main] org.hibernate.orm.connections.pooling    : HHH10001005: Database info:
	Database JDBC URL [jdbc:postgresql://localhost:5432/chargingservice]
	Database driver: PostgreSQL JDBC Driver
	Database dialect: PostgreSQLDialect
	Database version: 16.11
	Default catalog/schema: chargingservice/public
	Autocommit mode: undefined/unknown
	Isolation level: READ_COMMITTED [default READ_COMMITTED]
	JDBC fetch size: none
	Pool: DataSourceConnectionProvider
	Minimum pool size: undefined/unknown
	Maximum pool size: undefined/unknown
2026-08-12T00:06:09.093+05:30  INFO 16840 --- [chargingservice] [main] org.hibernate.orm.core                   : HHH000489: No JTA platform available (set 'hibernate.transaction.jta.platform' to enable JTA platform integration)
2026-08-12T00:06:09.319+05:30  INFO 16840 --- [chargingservice] [main] j.LocalContainerEntityManagerFactoryBean : Initialized JPA EntityManagerFactory for persistence unit 'default'
2026-08-12T00:06:09.489+05:30  INFO 16840 --- [chargingservice] [main] o.s.d.j.r.query.QueryEnhancerFactories   : Hibernate is in classpath; If applicable, HQL parser will be used.
2026-08-12T00:06:10.378+05:30  WARN 16840 --- [chargingservice] [main] JpaBaseConfiguration$JpaWebConfiguration : spring.jpa.open-in-view is enabled by default. Therefore, database queries may be performed during view rendering. Explicitly configure spring.jpa.open-in-view to disable this warning
2026-08-12T00:06:11.118+05:30  INFO 16840 --- [chargingservice] [main] o.s.boot.tomcat.TomcatWebServer          : Tomcat started on port 8081 (http) with context path '/'
2026-08-12T00:06:11.146+05:30  INFO 16840 --- [chargingservice] [main] c.d.c.ChargingserviceApplication         : Started ChargingserviceApplication in 11.208 seconds (process running for 12.651)
2026-08-12T00:10:26.584+05:30  INFO 16840 --- [chargingservice] [http-nio-8081-exec-1] o.a.c.c.C.[Tomcat].[localhost].[/]       : Initializing Spring DispatcherServlet 'dispatcherServlet'
2026-08-12T00:10:26.585+05:30  INFO 16840 --- [chargingservice] [http-nio-8081-exec-1] o.s.web.servlet.DispatcherServlet        : Initializing Servlet 'dispatcherServlet'
2026-08-12T00:10:26.590+05:30  INFO 16840 --- [chargingservice] [http-nio-8081-exec-1] o.s.web.servlet.DispatcherServlet        : Completed initialization in 4 ms
2026-08-12T00:10:28.428+05:30  INFO 16840 --- [chargingservice] [http-nio-8081-exec-1] c.d.c.service.CustomerManagement         : New customer added successfully :Customer(meterNumber=20215, msisdn=8271876061, customerName=Danish, address=Kolkata, meterType=FREE, balance=0, createdOn=null, updatedOn=null, topups=[])
2026-08-12T00:10:29.450+05:30  INFO 16840 --- [chargingservice] [http-nio-8081-exec-1] c.d.c.service.CustomerManagement         : Meter API response: MeterResponse(meterNumber=20215, msisdn=8271876061, customerName=Danish, address=Kolkata, meterType=FREE, meterStatus=INACTIVE)
2026-08-12T00:10:29.455+05:30  INFO 16840 --- [chargingservice] [http-nio-8081-exec-1] c.d.c.service.CustomerManagement         : Meter created successfully :MeterRequest(meterNumber=20215, msisdn=8271876061, customerName=Danish, address=Kolkata, meterType=FREE, meterStatus=INACTIVE)
2026-08-12T00:10:55.681+05:30  INFO 16840 --- [chargingservice] [http-nio-8081-exec-3] c.d.c.service.TopupService               : Topup done successfully for customer: 20215
2026-08-12T00:10:55.723+05:30  INFO 16840 --- [chargingservice] [http-nio-8081-exec-3] c.d.c.service.TopupService               : Entry made in topup table: [FAILED toString()]
2026-08-12T00:10:55.898+05:30  INFO 16840 --- [chargingservice] [http-nio-8081-exec-3] c.d.c.service.TopupService               : MeterStatus updated to ACTIVE: 20215
2026-08-12T00:39:54.989+05:30  WARN 16840 --- [chargingservice] [HikariPool-1:housekeeper] com.zaxxer.hikari.pool.HikariPool        : HikariPool-1 - Thread starvation or clock leap detected (housekeeper delta=8m352ms123µs600ns).
2026-08-12T01:12:01.817+05:30  INFO 16840 --- [chargingservice] [SpringApplicationShutdownHook] o.s.boot.tomcat.GracefulShutdown         : Commencing graceful shutdown. Waiting for active requests to complete
2026-08-12T01:12:01.844+05:30  INFO 16840 --- [chargingservice] [tomcat-shutdown] o.s.boot.tomcat.GracefulShutdown         : Graceful shutdown complete
2026-08-12T01:12:01.880+05:30  INFO 16840 --- [chargingservice] [SpringApplicationShutdownHook] j.LocalContainerEntityManagerFactoryBean : Closing JPA EntityManagerFactory for persistence unit 'default'
2026-08-12T01:12:01.918+05:30  INFO 16840 --- [chargingservice] [SpringApplicationShutdownHook] com.zaxxer.hikari.HikariDataSource       : HikariPool-1 - Shutdown initiated...
2026-08-12T01:12:01.948+05:30  INFO 16840 --- [chargingservice] [SpringApplicationShutdownHook] com.zaxxer.hikari.HikariDataSource       : HikariPool-1 - Shutdown completed.
2026-08-12T01:12:32.264+05:30  INFO 14056 --- [chargingservice] [main] c.d.c.ChargingserviceApplication         : Starting ChargingserviceApplication using Java 25.0.1 with PID 14056 (C:\Users\Danish\Downloads\chargingservice\chargingservice\target\classes started by Danish in C:\Users\Danish\Downloads\chargingservice)
2026-08-12T01:12:32.274+05:30  INFO 14056 --- [chargingservice] [main] c.d.c.ChargingserviceApplication         : No active profile set, falling back to 1 default profile: "default"
2026-08-12T01:12:34.419+05:30  INFO 14056 --- [chargingservice] [main] .s.d.r.c.RepositoryConfigurationDelegate : Bootstrapping Spring Data JPA repositories in DEFAULT mode.
2026-08-12T01:12:34.591+05:30  INFO 14056 --- [chargingservice] [main] .s.d.r.c.RepositoryConfigurationDelegate : Finished Spring Data repository scanning in 152 ms. Found 3 JPA repository interfaces.
2026-08-12T01:12:35.978+05:30  INFO 14056 --- [chargingservice] [main] o.s.boot.tomcat.TomcatWebServer          : Tomcat initialized with port 8081 (http)
2026-08-12T01:12:36.011+05:30  INFO 14056 --- [chargingservice] [main] o.apache.catalina.core.StandardService   : Starting service [Tomcat]
2026-08-12T01:12:36.011+05:30  INFO 14056 --- [chargingservice] [main] o.apache.catalina.core.StandardEngine    : Starting Servlet engine: [Apache Tomcat/11.0.22]
2026-08-12T01:12:36.152+05:30  INFO 14056 --- [chargingservice] [main] b.w.c.s.WebApplicationContextInitializer : Root WebApplicationContext: initialization completed in 3683 ms
2026-08-12T01:12:36.601+05:30  INFO 14056 --- [chargingservice] [main] org.hibernate.orm.jpa                    : HHH008540: Processing PersistenceUnitInfo [name: default]
2026-08-12T01:12:36.787+05:30  INFO 14056 --- [chargingservice] [main] org.hibernate.orm.core                   : HHH000001: Hibernate ORM core version 7.2.19.Final
2026-08-12T01:12:37.997+05:30  INFO 14056 --- [chargingservice] [main] o.s.o.j.p.SpringPersistenceUnitInfo      : No LoadTimeWeaver setup: ignoring JPA class transformer
2026-08-12T01:12:38.079+05:30  INFO 14056 --- [chargingservice] [main] com.zaxxer.hikari.HikariDataSource       : HikariPool-1 - Starting...
2026-08-12T01:12:38.484+05:30  INFO 14056 --- [chargingservice] [main] com.zaxxer.hikari.pool.HikariPool        : HikariPool-1 - Added connection org.postgresql.jdbc.PgConnection@2487e20
2026-08-12T01:12:38.487+05:30  INFO 14056 --- [chargingservice] [main] com.zaxxer.hikari.HikariDataSource       : HikariPool-1 - Start completed.
2026-08-12T01:12:38.695+05:30  INFO 14056 --- [chargingservice] [main] org.hibernate.orm.connections.pooling    : HHH10001005: Database info:
	Database JDBC URL [jdbc:postgresql://localhost:5432/chargingservice]
	Database driver: PostgreSQL JDBC Driver
	Database dialect: PostgreSQLDialect
	Database version: 16.11
	Default catalog/schema: chargingservice/public
	Autocommit mode: undefined/unknown
	Isolation level: READ_COMMITTED [default READ_COMMITTED]
	JDBC fetch size: none
	Pool: DataSourceConnectionProvider
	Minimum pool size: undefined/unknown
	Maximum pool size: undefined/unknown
2026-08-12T01:12:41.953+05:30  INFO 14056 --- [chargingservice] [main] org.hibernate.orm.core                   : HHH000489: No JTA platform available (set 'hibernate.transaction.jta.platform' to enable JTA platform integration)
2026-08-12T01:12:42.193+05:30  INFO 14056 --- [chargingservice] [main] j.LocalContainerEntityManagerFactoryBean : Initialized JPA EntityManagerFactory for persistence unit 'default'
2026-08-12T01:12:42.482+05:30  INFO 14056 --- [chargingservice] [main] o.s.d.j.r.query.QueryEnhancerFactories   : Hibernate is in classpath; If applicable, HQL parser will be used.
2026-08-12T01:12:43.491+05:30  WARN 14056 --- [chargingservice] [main] JpaBaseConfiguration$JpaWebConfiguration : spring.jpa.open-in-view is enabled by default. Therefore, database queries may be performed during view rendering. Explicitly configure spring.jpa.open-in-view to disable this warning
2026-08-12T01:12:44.505+05:30  INFO 14056 --- [chargingservice] [main] o.s.boot.tomcat.TomcatWebServer          : Tomcat started on port 8081 (http) with context path '/'
2026-08-12T01:12:44.516+05:30  INFO 14056 --- [chargingservice] [main] c.d.c.ChargingserviceApplication         : Started ChargingserviceApplication in 13.687 seconds (process running for 15.31)
2026-08-12T01:15:39.019+05:30  INFO 14056 --- [chargingservice] [SpringApplicationShutdownHook] o.s.boot.tomcat.GracefulShutdown         : Commencing graceful shutdown. Waiting for active requests to complete
2026-08-12T01:15:39.037+05:30  INFO 14056 --- [chargingservice] [tomcat-shutdown] o.s.boot.tomcat.GracefulShutdown         : Graceful shutdown complete
2026-08-12T01:15:39.047+05:30  INFO 14056 --- [chargingservice] [SpringApplicationShutdownHook] j.LocalContainerEntityManagerFactoryBean : Closing JPA EntityManagerFactory for persistence unit 'default'
2026-08-12T01:15:39.056+05:30  INFO 14056 --- [chargingservice] [SpringApplicationShutdownHook] com.zaxxer.hikari.HikariDataSource       : HikariPool-1 - Shutdown initiated...
2026-08-12T01:15:39.084+05:30  INFO 14056 --- [chargingservice] [SpringApplicationShutdownHook] com.zaxxer.hikari.HikariDataSource       : HikariPool-1 - Shutdown completed.
2026-08-12T01:16:23.751+05:30  INFO 9016 --- [chargingservice] [main] c.d.c.ChargingserviceApplication         : Starting ChargingserviceApplication using Java 25.0.1 with PID 9016 (C:\Users\Danish\Downloads\chargingservice\chargingservice\target\classes started by Danish in C:\Users\Danish\Downloads\chargingservice)
2026-08-12T01:16:23.759+05:30  INFO 9016 --- [chargingservice] [main] c.d.c.ChargingserviceApplication         : No active profile set, falling back to 1 default profile: "default"
2026-08-12T01:16:26.095+05:30  INFO 9016 --- [chargingservice] [main] .s.d.r.c.RepositoryConfigurationDelegate : Bootstrapping Spring Data JPA repositories in DEFAULT mode.
2026-08-12T01:16:26.246+05:30  INFO 9016 --- [chargingservice] [main] .s.d.r.c.RepositoryConfigurationDelegate : Finished Spring Data repository scanning in 124 ms. Found 3 JPA repository interfaces.
2026-08-12T01:16:27.637+05:30  INFO 9016 --- [chargingservice] [main] o.s.boot.tomcat.TomcatWebServer          : Tomcat initialized with port 8081 (http)
2026-08-12T01:16:27.670+05:30  INFO 9016 --- [chargingservice] [main] o.apache.catalina.core.StandardService   : Starting service [Tomcat]
2026-08-12T01:16:27.671+05:30  INFO 9016 --- [chargingservice] [main] o.apache.catalina.core.StandardEngine    : Starting Servlet engine: [Apache Tomcat/11.0.22]
2026-08-12T01:16:27.788+05:30  INFO 9016 --- [chargingservice] [main] b.w.c.s.WebApplicationContextInitializer : Root WebApplicationContext: initialization completed in 3857 ms
2026-08-12T01:16:28.165+05:30  INFO 9016 --- [chargingservice] [main] org.hibernate.orm.jpa                    : HHH008540: Processing PersistenceUnitInfo [name: default]
2026-08-12T01:16:28.274+05:30  INFO 9016 --- [chargingservice] [main] org.hibernate.orm.core                   : HHH000001: Hibernate ORM core version 7.2.19.Final
2026-08-12T01:16:29.328+05:30  INFO 9016 --- [chargingservice] [main] o.s.o.j.p.SpringPersistenceUnitInfo      : No LoadTimeWeaver setup: ignoring JPA class transformer
2026-08-12T01:16:29.426+05:30  INFO 9016 --- [chargingservice] [main] com.zaxxer.hikari.HikariDataSource       : HikariPool-1 - Starting...
2026-08-12T01:16:29.886+05:30  INFO 9016 --- [chargingservice] [main] com.zaxxer.hikari.pool.HikariPool        : HikariPool-1 - Added connection org.postgresql.jdbc.PgConnection@2ecdf528
2026-08-12T01:16:29.891+05:30  INFO 9016 --- [chargingservice] [main] com.zaxxer.hikari.HikariDataSource       : HikariPool-1 - Start completed.
2026-08-12T01:16:30.069+05:30  INFO 9016 --- [chargingservice] [main] org.hibernate.orm.connections.pooling    : HHH10001005: Database info:
	Database JDBC URL [jdbc:postgresql://localhost:5432/chargingservice]
	Database driver: PostgreSQL JDBC Driver
	Database dialect: PostgreSQLDialect
	Database version: 16.11
	Default catalog/schema: chargingservice/public
	Autocommit mode: undefined/unknown
	Isolation level: READ_COMMITTED [default READ_COMMITTED]
	JDBC fetch size: none
	Pool: DataSourceConnectionProvider
	Minimum pool size: undefined/unknown
	Maximum pool size: undefined/unknown
2026-08-12T01:16:32.602+05:30  INFO 9016 --- [chargingservice] [main] org.hibernate.orm.core                   : HHH000489: No JTA platform available (set 'hibernate.transaction.jta.platform' to enable JTA platform integration)
2026-08-12T01:16:32.866+05:30  INFO 9016 --- [chargingservice] [main] j.LocalContainerEntityManagerFactoryBean : Initialized JPA EntityManagerFactory for persistence unit 'default'
2026-08-12T01:16:33.089+05:30  INFO 9016 --- [chargingservice] [main] o.s.d.j.r.query.QueryEnhancerFactories   : Hibernate is in classpath; If applicable, HQL parser will be used.
2026-08-12T01:16:33.744+05:30  WARN 9016 --- [chargingservice] [main] JpaBaseConfiguration$JpaWebConfiguration : spring.jpa.open-in-view is enabled by default. Therefore, database queries may be performed during view rendering. Explicitly configure spring.jpa.open-in-view to disable this warning
2026-08-12T01:16:34.680+05:30  INFO 9016 --- [chargingservice] [main] o.s.boot.tomcat.TomcatWebServer          : Tomcat started on port 8081 (http) with context path '/'
2026-08-12T01:16:34.691+05:30  INFO 9016 --- [chargingservice] [main] c.d.c.ChargingserviceApplication         : Started ChargingserviceApplication in 12.258 seconds (process running for 13.636)
2026-08-12T01:17:47.627+05:30  INFO 9016 --- [chargingservice] [http-nio-8081-exec-1] o.a.c.c.C.[Tomcat].[localhost].[/]       : Initializing Spring DispatcherServlet 'dispatcherServlet'
2026-08-12T01:17:47.627+05:30  INFO 9016 --- [chargingservice] [http-nio-8081-exec-1] o.s.web.servlet.DispatcherServlet        : Initializing Servlet 'dispatcherServlet'
2026-08-12T01:17:47.631+05:30  INFO 9016 --- [chargingservice] [http-nio-8081-exec-1] o.s.web.servlet.DispatcherServlet        : Completed initialization in 2 ms
2026-08-12T01:17:49.336+05:30  INFO 9016 --- [chargingservice] [http-nio-8081-exec-1] c.d.c.service.CustomerManagement         : New customer added successfully :Customer(meterNumber=64846, msisdn=8271876061, customerName=Ahnaf, address=Kolkata, meterType=RESIDENTIAL, balance=0, createdOn=null, updatedOn=null, topups=[])
2026-08-12T01:17:49.759+05:30  INFO 9016 --- [chargingservice] [http-nio-8081-exec-1] c.d.c.service.CustomerManagement         : Meter API response: MeterResponse(meterNumber=64846, msisdn=8271876061, customerName=Ahnaf, address=Kolkata, meterType=RESIDENTIAL, meterStatus=INACTIVE)
2026-08-12T01:17:49.760+05:30  INFO 9016 --- [chargingservice] [http-nio-8081-exec-1] c.d.c.service.CustomerManagement         : Meter created successfully :MeterRequest(meterNumber=64846, msisdn=8271876061, customerName=Ahnaf, address=Kolkata, meterType=RESIDENTIAL, meterStatus=INACTIVE)
2026-08-12T01:18:27.832+05:30  INFO 9016 --- [chargingservice] [http-nio-8081-exec-3] c.d.c.service.TopupService               : Topup done successfully for customer: 64846
2026-08-12T01:18:27.865+05:30  INFO 9016 --- [chargingservice] [http-nio-8081-exec-3] c.d.c.service.TopupService               : Entry made in topup table: [FAILED toString()]
2026-08-12T01:18:27.989+05:30  INFO 9016 --- [chargingservice] [http-nio-8081-exec-3] c.d.c.service.TopupService               : MeterStatus updated to ACTIVE: 64846
2026-08-12T01:20:49.252+05:30  INFO 9016 --- [chargingservice] [SpringApplicationShutdownHook] o.s.boot.tomcat.GracefulShutdown         : Commencing graceful shutdown. Waiting for active requests to complete
2026-08-12T01:20:49.261+05:30  INFO 9016 --- [chargingservice] [tomcat-shutdown] o.s.boot.tomcat.GracefulShutdown         : Graceful shutdown complete
2026-08-12T01:20:49.268+05:30  INFO 9016 --- [chargingservice] [SpringApplicationShutdownHook] j.LocalContainerEntityManagerFactoryBean : Closing JPA EntityManagerFactory for persistence unit 'default'
2026-08-12T01:20:49.272+05:30  INFO 9016 --- [chargingservice] [SpringApplicationShutdownHook] com.zaxxer.hikari.HikariDataSource       : HikariPool-1 - Shutdown initiated...
2026-08-12T01:20:49.287+05:30  INFO 9016 --- [chargingservice] [SpringApplicationShutdownHook] com.zaxxer.hikari.HikariDataSource       : HikariPool-1 - Shutdown completed.
2026-08-12T01:21:12.065+05:30  INFO 7508 --- [chargingservice] [main] c.d.c.ChargingserviceApplication         : Starting ChargingserviceApplication using Java 25.0.1 with PID 7508 (C:\Users\Danish\Downloads\chargingservice\chargingservice\target\classes started by Danish in C:\Users\Danish\Downloads\chargingservice)
2026-08-12T01:21:12.073+05:30  INFO 7508 --- [chargingservice] [main] c.d.c.ChargingserviceApplication         : No active profile set, falling back to 1 default profile: "default"
2026-08-12T01:21:14.512+05:30  INFO 7508 --- [chargingservice] [main] .s.d.r.c.RepositoryConfigurationDelegate : Bootstrapping Spring Data JPA repositories in DEFAULT mode.
2026-08-12T01:21:14.705+05:30  INFO 7508 --- [chargingservice] [main] .s.d.r.c.RepositoryConfigurationDelegate : Finished Spring Data repository scanning in 167 ms. Found 3 JPA repository interfaces.
2026-08-12T01:21:15.939+05:30  INFO 7508 --- [chargingservice] [main] o.s.boot.tomcat.TomcatWebServer          : Tomcat initialized with port 8081 (http)
2026-08-12T01:21:15.968+05:30  INFO 7508 --- [chargingservice] [main] o.apache.catalina.core.StandardService   : Starting service [Tomcat]
2026-08-12T01:21:15.969+05:30  INFO 7508 --- [chargingservice] [main] o.apache.catalina.core.StandardEngine    : Starting Servlet engine: [Apache Tomcat/11.0.22]
2026-08-12T01:21:16.109+05:30  INFO 7508 --- [chargingservice] [main] b.w.c.s.WebApplicationContextInitializer : Root WebApplicationContext: initialization completed in 3835 ms
2026-08-12T01:21:16.604+05:30  INFO 7508 --- [chargingservice] [main] org.hibernate.orm.jpa                    : HHH008540: Processing PersistenceUnitInfo [name: default]
2026-08-12T01:21:16.710+05:30  INFO 7508 --- [chargingservice] [main] org.hibernate.orm.core                   : HHH000001: Hibernate ORM core version 7.2.19.Final
2026-08-12T01:21:17.962+05:30  INFO 7508 --- [chargingservice] [main] o.s.o.j.p.SpringPersistenceUnitInfo      : No LoadTimeWeaver setup: ignoring JPA class transformer
2026-08-12T01:21:18.028+05:30  INFO 7508 --- [chargingservice] [main] com.zaxxer.hikari.HikariDataSource       : HikariPool-1 - Starting...
2026-08-12T01:21:18.349+05:30  INFO 7508 --- [chargingservice] [main] com.zaxxer.hikari.pool.HikariPool        : HikariPool-1 - Added connection org.postgresql.jdbc.PgConnection@3a70575
2026-08-12T01:21:18.352+05:30  INFO 7508 --- [chargingservice] [main] com.zaxxer.hikari.HikariDataSource       : HikariPool-1 - Start completed.
2026-08-12T01:21:18.511+05:30  INFO 7508 --- [chargingservice] [main] org.hibernate.orm.connections.pooling    : HHH10001005: Database info:
	Database JDBC URL [jdbc:postgresql://localhost:5432/chargingservice]
	Database driver: PostgreSQL JDBC Driver
	Database dialect: PostgreSQLDialect
	Database version: 16.11
	Default catalog/schema: chargingservice/public
	Autocommit mode: undefined/unknown
	Isolation level: READ_COMMITTED [default READ_COMMITTED]
	JDBC fetch size: none
	Pool: DataSourceConnectionProvider
	Minimum pool size: undefined/unknown
	Maximum pool size: undefined/unknown
2026-08-12T01:21:21.120+05:30  INFO 7508 --- [chargingservice] [main] org.hibernate.orm.core                   : HHH000489: No JTA platform available (set 'hibernate.transaction.jta.platform' to enable JTA platform integration)
2026-08-12T01:21:21.514+05:30  INFO 7508 --- [chargingservice] [main] j.LocalContainerEntityManagerFactoryBean : Initialized JPA EntityManagerFactory for persistence unit 'default'
2026-08-12T01:21:21.725+05:30  INFO 7508 --- [chargingservice] [main] o.s.d.j.r.query.QueryEnhancerFactories   : Hibernate is in classpath; If applicable, HQL parser will be used.
2026-08-12T01:21:22.523+05:30  WARN 7508 --- [chargingservice] [main] JpaBaseConfiguration$JpaWebConfiguration : spring.jpa.open-in-view is enabled by default. Therefore, database queries may be performed during view rendering. Explicitly configure spring.jpa.open-in-view to disable this warning
2026-08-12T01:21:23.331+05:30  INFO 7508 --- [chargingservice] [main] o.s.boot.tomcat.TomcatWebServer          : Tomcat started on port 8081 (http) with context path '/'
2026-08-12T01:21:23.348+05:30  INFO 7508 --- [chargingservice] [main] c.d.c.ChargingserviceApplication         : Started ChargingserviceApplication in 13.067 seconds (process running for 14.664)
2026-08-12T01:21:23.384+05:30  INFO 7508 --- [chargingservice] [scheduling-1] c.d.c.scheduler.ChargingScheduler        : Deduction Scheduler started
2026-08-12T01:21:24.347+05:30  WARN 7508 --- [chargingservice] [scheduling-1] c.d.chargingservice.service.Deduction    : Meter Status will remain ACTIVE for the meter: 61415
2026-08-12T01:21:24.388+05:30  WARN 7508 --- [chargingservice] [scheduling-1] c.d.chargingservice.service.Deduction    : Meter Status will remain ACTIVE for the meter: 20215
2026-08-12T01:21:24.453+05:30 ERROR 7508 --- [chargingservice] [scheduling-1] o.s.s.s.TaskUtils$LoggingErrorHandler    : Unexpected error occurred in scheduled task

org.springframework.web.client.HttpClientErrorException$NotFound: 404 Not Found: "Insufficient readings for meter Number: 64846"
	at org.springframework.web.client.HttpClientErrorException.create(HttpClientErrorException.java:115) ~[spring-web-7.0.8.jar:7.0.8]
	at org.springframework.web.client.StatusHandler.createException(StatusHandler.java:132) ~[spring-web-7.0.8.jar:7.0.8]
	at org.springframework.web.client.StatusHandler.lambda$createDefaultStatusHandler$1(StatusHandler.java:107) ~[spring-web-7.0.8.jar:7.0.8]
	at org.springframework.web.client.StatusHandler.handle(StatusHandler.java:75) ~[spring-web-7.0.8.jar:7.0.8]
	at org.springframework.web.client.DefaultRestClient$DefaultResponseSpec.applyStatusHandlers(DefaultRestClient.java:943) ~[spring-web-7.0.8.jar:7.0.8]
	at org.springframework.web.client.DefaultRestClient$DefaultResponseSpec.lambda$readBody$0(DefaultRestClient.java:932) ~[spring-web-7.0.8.jar:7.0.8]
	at org.springframework.web.client.DefaultRestClient.readWithMessageConverters(DefaultRestClient.java:224) ~[spring-web-7.0.8.jar:7.0.8]
	at org.springframework.web.client.DefaultRestClient$DefaultResponseSpec.readBody(DefaultRestClient.java:931) ~[spring-web-7.0.8.jar:7.0.8]
	at org.springframework.web.client.DefaultRestClient$DefaultResponseSpec.lambda$toEntityInternal$0(DefaultRestClient.java:871) ~[spring-web-7.0.8.jar:7.0.8]
	at org.springframework.web.client.DefaultRestClient$DefaultRequestBodyUriSpec.exchangeInternal(DefaultRestClient.java:617) ~[spring-web-7.0.8.jar:7.0.8]
	at org.springframework.web.client.DefaultRestClient$DefaultRequestBodyUriSpec.exchange(DefaultRestClient.java:572) ~[spring-web-7.0.8.jar:7.0.8]
	at org.springframework.web.client.RestClient$RequestHeadersSpec.exchange(RestClient.java:747) ~[spring-web-7.0.8.jar:7.0.8]
	at org.springframework.web.client.DefaultRestClient$DefaultResponseSpec.executeAndExtract(DefaultRestClient.java:924) ~[spring-web-7.0.8.jar:7.0.8]
	at org.springframework.web.client.DefaultRestClient$DefaultResponseSpec.toEntityInternal(DefaultRestClient.java:870) ~[spring-web-7.0.8.jar:7.0.8]
	at org.springframework.web.client.DefaultRestClient$DefaultResponseSpec.toEntity(DefaultRestClient.java:866) ~[spring-web-7.0.8.jar:7.0.8]
	at com.danish.chargingservice.service.Deduction.deductableBalance(Deduction.java:36) ~[classes/:na]
	at com.danish.chargingservice.service.Deduction.updateBalance(Deduction.java:58) ~[classes/:na]
	at com.danish.chargingservice.scheduler.ChargingScheduler.callDeduction(ChargingScheduler.java:18) ~[classes/:na]
	at java.base/jdk.internal.reflect.DirectMethodHandleAccessor.invoke(DirectMethodHandleAccessor.java:104) ~[na:na]
	at java.base/java.lang.reflect.Method.invoke(Method.java:565) ~[na:na]
	at org.springframework.scheduling.support.ScheduledMethodRunnable.runInternal(ScheduledMethodRunnable.java:128) ~[spring-context-7.0.8.jar:7.0.8]
	at org.springframework.scheduling.support.ScheduledMethodRunnable.lambda$run$1(ScheduledMethodRunnable.java:122) ~[spring-context-7.0.8.jar:7.0.8]
	at io.micrometer.observation.Observation.observe(Observation.java:569) ~[micrometer-observation-1.16.6.jar:1.16.6]
	at org.springframework.scheduling.support.ScheduledMethodRunnable.run(ScheduledMethodRunnable.java:122) ~[spring-context-7.0.8.jar:7.0.8]
	at org.springframework.scheduling.config.Task$OutcomeTrackingRunnable.run(Task.java:88) ~[spring-context-7.0.8.jar:7.0.8]
	at org.springframework.scheduling.support.DelegatingErrorHandlingRunnable.run(DelegatingErrorHandlingRunnable.java:54) ~[spring-context-7.0.8.jar:7.0.8]
	at java.base/java.util.concurrent.Executors$RunnableAdapter.call(Executors.java:545) ~[na:na]
	at java.base/java.util.concurrent.FutureTask.runAndReset(FutureTask.java:369) ~[na:na]
	at java.base/java.util.concurrent.ScheduledThreadPoolExecutor$ScheduledFutureTask.run(ScheduledThreadPoolExecutor.java:310) ~[na:na]
	at java.base/java.util.concurrent.ThreadPoolExecutor.runWorker(ThreadPoolExecutor.java:1090) ~[na:na]
	at java.base/java.util.concurrent.ThreadPoolExecutor$Worker.run(ThreadPoolExecutor.java:614) ~[na:na]
	at java.base/java.lang.Thread.run(Thread.java:1474) ~[na:na]

2026-08-12T01:22:23.345+05:30  INFO 7508 --- [chargingservice] [scheduling-1] c.d.c.scheduler.ChargingScheduler        : Deduction Scheduler started
2026-08-12T01:22:23.380+05:30  WARN 7508 --- [chargingservice] [scheduling-1] c.d.chargingservice.service.Deduction    : Meter Status will remain ACTIVE for the meter: 61415
2026-08-12T01:22:23.405+05:30  WARN 7508 --- [chargingservice] [scheduling-1] c.d.chargingservice.service.Deduction    : Meter Status will remain ACTIVE for the meter: 20215
2026-08-12T01:22:23.463+05:30  INFO 7508 --- [chargingservice] [scheduling-1] c.d.chargingservice.service.Deduction    : MeterStatus updated to ACTIVE: 64846
2026-08-12T01:22:23.464+05:30  INFO 7508 --- [chargingservice] [scheduling-1] c.d.c.scheduler.ChargingScheduler        : Deduction Scheduler completed
2026-08-12T01:23:23.343+05:30  INFO 7508 --- [chargingservice] [scheduling-1] c.d.c.scheduler.ChargingScheduler        : Deduction Scheduler started
2026-08-12T01:23:23.399+05:30  WARN 7508 --- [chargingservice] [scheduling-1] c.d.chargingservice.service.Deduction    : Meter Status will remain ACTIVE for the meter: 61415
2026-08-12T01:23:23.437+05:30  WARN 7508 --- [chargingservice] [scheduling-1] c.d.chargingservice.service.Deduction    : Meter Status will remain ACTIVE for the meter: 20215
2026-08-12T01:23:23.473+05:30  INFO 7508 --- [chargingservice] [scheduling-1] c.d.chargingservice.service.Deduction    : MeterStatus updated to ACTIVE: 64846
2026-08-12T01:23:23.474+05:30  INFO 7508 --- [chargingservice] [scheduling-1] c.d.c.scheduler.ChargingScheduler        : Deduction Scheduler completed
2026-08-12T01:24:23.343+05:30  INFO 7508 --- [chargingservice] [scheduling-1] c.d.c.scheduler.ChargingScheduler        : Deduction Scheduler started
2026-08-12T01:24:23.403+05:30  WARN 7508 --- [chargingservice] [scheduling-1] c.d.chargingservice.service.Deduction    : Meter Status will remain ACTIVE for the meter: 61415
2026-08-12T01:24:23.446+05:30  WARN 7508 --- [chargingservice] [scheduling-1] c.d.chargingservice.service.Deduction    : Meter Status will remain ACTIVE for the meter: 20215
2026-08-12T01:24:23.520+05:30  INFO 7508 --- [chargingservice] [scheduling-1] c.d.chargingservice.service.Deduction    : MeterStatus updated to ACTIVE: 64846
2026-08-12T01:24:23.521+05:30  INFO 7508 --- [chargingservice] [scheduling-1] c.d.c.scheduler.ChargingScheduler        : Deduction Scheduler completed
2026-08-12T01:24:45.956+05:30  INFO 7508 --- [chargingservice] [SpringApplicationShutdownHook] o.s.boot.tomcat.GracefulShutdown         : Commencing graceful shutdown. Waiting for active requests to complete
2026-08-12T01:24:46.003+05:30  INFO 7508 --- [chargingservice] [tomcat-shutdown] o.s.boot.tomcat.GracefulShutdown         : Graceful shutdown complete
2026-08-12T01:24:46.019+05:30  INFO 7508 --- [chargingservice] [SpringApplicationShutdownHook] j.LocalContainerEntityManagerFactoryBean : Closing JPA EntityManagerFactory for persistence unit 'default'
2026-08-12T01:24:46.031+05:30  INFO 7508 --- [chargingservice] [SpringApplicationShutdownHook] com.zaxxer.hikari.HikariDataSource       : HikariPool-1 - Shutdown initiated...
2026-08-12T01:24:46.055+05:30  INFO 7508 --- [chargingservice] [SpringApplicationShutdownHook] com.zaxxer.hikari.HikariDataSource       : HikariPool-1 - Shutdown completed.
2026-08-12T01:25:52.241+05:30  INFO 5708 --- [chargingservice] [main] c.d.c.ChargingserviceApplication         : Starting ChargingserviceApplication using Java 25.0.1 with PID 5708 (C:\Users\Danish\Downloads\chargingservice\chargingservice\target\classes started by Danish in C:\Users\Danish\Downloads\chargingservice)
2026-08-12T01:25:52.249+05:30  INFO 5708 --- [chargingservice] [main] c.d.c.ChargingserviceApplication         : No active profile set, falling back to 1 default profile: "default"
2026-08-12T01:25:54.336+05:30  INFO 5708 --- [chargingservice] [main] .s.d.r.c.RepositoryConfigurationDelegate : Bootstrapping Spring Data JPA repositories in DEFAULT mode.
2026-08-12T01:25:54.511+05:30  INFO 5708 --- [chargingservice] [main] .s.d.r.c.RepositoryConfigurationDelegate : Finished Spring Data repository scanning in 151 ms. Found 3 JPA repository interfaces.
2026-08-12T01:25:55.638+05:30  INFO 5708 --- [chargingservice] [main] o.s.boot.tomcat.TomcatWebServer          : Tomcat initialized with port 8081 (http)
2026-08-12T01:25:55.667+05:30  INFO 5708 --- [chargingservice] [main] o.apache.catalina.core.StandardService   : Starting service [Tomcat]
2026-08-12T01:25:55.667+05:30  INFO 5708 --- [chargingservice] [main] o.apache.catalina.core.StandardEngine    : Starting Servlet engine: [Apache Tomcat/11.0.22]
2026-08-12T01:25:55.785+05:30  INFO 5708 --- [chargingservice] [main] b.w.c.s.WebApplicationContextInitializer : Root WebApplicationContext: initialization completed in 3359 ms
2026-08-12T01:25:56.178+05:30  INFO 5708 --- [chargingservice] [main] org.hibernate.orm.jpa                    : HHH008540: Processing PersistenceUnitInfo [name: default]
2026-08-12T01:25:56.280+05:30  INFO 5708 --- [chargingservice] [main] org.hibernate.orm.core                   : HHH000001: Hibernate ORM core version 7.2.19.Final
2026-08-12T01:25:57.317+05:30  INFO 5708 --- [chargingservice] [main] o.s.o.j.p.SpringPersistenceUnitInfo      : No LoadTimeWeaver setup: ignoring JPA class transformer
2026-08-12T01:25:57.387+05:30  INFO 5708 --- [chargingservice] [main] com.zaxxer.hikari.HikariDataSource       : HikariPool-1 - Starting...
2026-08-12T01:25:57.723+05:30  INFO 5708 --- [chargingservice] [main] com.zaxxer.hikari.pool.HikariPool        : HikariPool-1 - Added connection org.postgresql.jdbc.PgConnection@3a70575
2026-08-12T01:25:57.727+05:30  INFO 5708 --- [chargingservice] [main] com.zaxxer.hikari.HikariDataSource       : HikariPool-1 - Start completed.
2026-08-12T01:25:57.894+05:30  INFO 5708 --- [chargingservice] [main] org.hibernate.orm.connections.pooling    : HHH10001005: Database info:
	Database JDBC URL [jdbc:postgresql://localhost:5432/chargingservice]
	Database driver: PostgreSQL JDBC Driver
	Database dialect: PostgreSQLDialect
	Database version: 16.11
	Default catalog/schema: chargingservice/public
	Autocommit mode: undefined/unknown
	Isolation level: READ_COMMITTED [default READ_COMMITTED]
	JDBC fetch size: none
	Pool: DataSourceConnectionProvider
	Minimum pool size: undefined/unknown
	Maximum pool size: undefined/unknown
2026-08-12T01:26:00.475+05:30  INFO 5708 --- [chargingservice] [main] org.hibernate.orm.core                   : HHH000489: No JTA platform available (set 'hibernate.transaction.jta.platform' to enable JTA platform integration)
2026-08-12T01:26:00.694+05:30  INFO 5708 --- [chargingservice] [main] j.LocalContainerEntityManagerFactoryBean : Initialized JPA EntityManagerFactory for persistence unit 'default'
2026-08-12T01:26:00.878+05:30  INFO 5708 --- [chargingservice] [main] o.s.d.j.r.query.QueryEnhancerFactories   : Hibernate is in classpath; If applicable, HQL parser will be used.
2026-08-12T01:26:01.707+05:30  WARN 5708 --- [chargingservice] [main] JpaBaseConfiguration$JpaWebConfiguration : spring.jpa.open-in-view is enabled by default. Therefore, database queries may be performed during view rendering. Explicitly configure spring.jpa.open-in-view to disable this warning
2026-08-12T01:26:02.426+05:30  INFO 5708 --- [chargingservice] [main] o.s.boot.tomcat.TomcatWebServer          : Tomcat started on port 8081 (http) with context path '/'
2026-08-12T01:26:02.441+05:30  INFO 5708 --- [chargingservice] [main] c.d.c.ChargingserviceApplication         : Started ChargingserviceApplication in 11.683 seconds (process running for 13.974)
2026-08-12T01:26:02.449+05:30  INFO 5708 --- [chargingservice] [scheduling-1] c.d.c.scheduler.ChargingScheduler        : Deduction Scheduler started
2026-08-12T01:26:03.481+05:30  WARN 5708 --- [chargingservice] [scheduling-1] c.d.chargingservice.service.Deduction    : Meter Status will remain ACTIVE for the meter: 61415
2026-08-12T01:26:03.525+05:30  WARN 5708 --- [chargingservice] [scheduling-1] c.d.chargingservice.service.Deduction    : Meter Status will remain ACTIVE for the meter: 20215
2026-08-12T01:26:03.624+05:30  INFO 5708 --- [chargingservice] [scheduling-1] c.d.chargingservice.service.Deduction    : MeterStatus updated to ACTIVE: 64846
2026-08-12T01:26:03.624+05:30  INFO 5708 --- [chargingservice] [scheduling-1] c.d.c.scheduler.ChargingScheduler        : Deduction Scheduler completed
2026-08-12T01:27:02.437+05:30  INFO 5708 --- [chargingservice] [scheduling-1] c.d.c.scheduler.ChargingScheduler        : Deduction Scheduler started
2026-08-12T01:27:02.489+05:30  WARN 5708 --- [chargingservice] [scheduling-1] c.d.chargingservice.service.Deduction    : Meter Status will remain ACTIVE for the meter: 61415
2026-08-12T01:27:02.520+05:30  WARN 5708 --- [chargingservice] [scheduling-1] c.d.chargingservice.service.Deduction    : Meter Status will remain ACTIVE for the meter: 20215
2026-08-12T01:27:02.579+05:30  INFO 5708 --- [chargingservice] [scheduling-1] c.d.chargingservice.service.Deduction    : MeterStatus updated to ACTIVE: 64846
2026-08-12T01:27:02.579+05:30  INFO 5708 --- [chargingservice] [scheduling-1] c.d.c.scheduler.ChargingScheduler        : Deduction Scheduler completed
2026-08-12T01:27:40.349+05:30  INFO 5708 --- [chargingservice] [SpringApplicationShutdownHook] o.s.boot.tomcat.GracefulShutdown         : Commencing graceful shutdown. Waiting for active requests to complete
2026-08-12T01:27:40.360+05:30  INFO 5708 --- [chargingservice] [tomcat-shutdown] o.s.boot.tomcat.GracefulShutdown         : Graceful shutdown complete
2026-08-12T01:27:40.367+05:30  INFO 5708 --- [chargingservice] [SpringApplicationShutdownHook] j.LocalContainerEntityManagerFactoryBean : Closing JPA EntityManagerFactory for persistence unit 'default'
2026-08-12T01:27:40.372+05:30  INFO 5708 --- [chargingservice] [SpringApplicationShutdownHook] com.zaxxer.hikari.HikariDataSource       : HikariPool-1 - Shutdown initiated...
2026-08-12T01:27:40.388+05:30  INFO 5708 --- [chargingservice] [SpringApplicationShutdownHook] com.zaxxer.hikari.HikariDataSource       : HikariPool-1 - Shutdown completed.
2026-08-12T01:28:31.274+05:30  INFO 10344 --- [chargingservice] [main] c.d.c.ChargingserviceApplication         : Starting ChargingserviceApplication using Java 25.0.1 with PID 10344 (C:\Users\Danish\Downloads\chargingservice\chargingservice\target\classes started by Danish in C:\Users\Danish\Downloads\chargingservice)
2026-08-12T01:28:31.283+05:30  INFO 10344 --- [chargingservice] [main] c.d.c.ChargingserviceApplication         : No active profile set, falling back to 1 default profile: "default"
2026-08-12T01:28:33.805+05:30  INFO 10344 --- [chargingservice] [main] .s.d.r.c.RepositoryConfigurationDelegate : Bootstrapping Spring Data JPA repositories in DEFAULT mode.
2026-08-12T01:28:34.010+05:30  INFO 10344 --- [chargingservice] [main] .s.d.r.c.RepositoryConfigurationDelegate : Finished Spring Data repository scanning in 171 ms. Found 3 JPA repository interfaces.
2026-08-12T01:28:35.286+05:30  INFO 10344 --- [chargingservice] [main] o.s.boot.tomcat.TomcatWebServer          : Tomcat initialized with port 8081 (http)
2026-08-12T01:28:35.316+05:30  INFO 10344 --- [chargingservice] [main] o.apache.catalina.core.StandardService   : Starting service [Tomcat]
2026-08-12T01:28:35.317+05:30  INFO 10344 --- [chargingservice] [main] o.apache.catalina.core.StandardEngine    : Starting Servlet engine: [Apache Tomcat/11.0.22]
2026-08-12T01:28:35.465+05:30  INFO 10344 --- [chargingservice] [main] b.w.c.s.WebApplicationContextInitializer : Root WebApplicationContext: initialization completed in 3958 ms
2026-08-12T01:28:36.038+05:30  INFO 10344 --- [chargingservice] [main] org.hibernate.orm.jpa                    : HHH008540: Processing PersistenceUnitInfo [name: default]
2026-08-12T01:28:36.142+05:30  INFO 10344 --- [chargingservice] [main] org.hibernate.orm.core                   : HHH000001: Hibernate ORM core version 7.2.19.Final
2026-08-12T01:28:37.321+05:30  INFO 10344 --- [chargingservice] [main] o.s.o.j.p.SpringPersistenceUnitInfo      : No LoadTimeWeaver setup: ignoring JPA class transformer
2026-08-12T01:28:37.396+05:30  INFO 10344 --- [chargingservice] [main] com.zaxxer.hikari.HikariDataSource       : HikariPool-1 - Starting...
2026-08-12T01:28:37.730+05:30  INFO 10344 --- [chargingservice] [main] com.zaxxer.hikari.pool.HikariPool        : HikariPool-1 - Added connection org.postgresql.jdbc.PgConnection@5d96d434
2026-08-12T01:28:37.734+05:30  INFO 10344 --- [chargingservice] [main] com.zaxxer.hikari.HikariDataSource       : HikariPool-1 - Start completed.
2026-08-12T01:28:37.901+05:30  INFO 10344 --- [chargingservice] [main] org.hibernate.orm.connections.pooling    : HHH10001005: Database info:
	Database JDBC URL [jdbc:postgresql://localhost:5432/chargingservice]
	Database driver: PostgreSQL JDBC Driver
	Database dialect: PostgreSQLDialect
	Database version: 16.11
	Default catalog/schema: chargingservice/public
	Autocommit mode: undefined/unknown
	Isolation level: READ_COMMITTED [default READ_COMMITTED]
	JDBC fetch size: none
	Pool: DataSourceConnectionProvider
	Minimum pool size: undefined/unknown
	Maximum pool size: undefined/unknown
2026-08-12T01:28:40.363+05:30  INFO 10344 --- [chargingservice] [main] org.hibernate.orm.core                   : HHH000489: No JTA platform available (set 'hibernate.transaction.jta.platform' to enable JTA platform integration)
2026-08-12T01:28:40.598+05:30  INFO 10344 --- [chargingservice] [main] j.LocalContainerEntityManagerFactoryBean : Initialized JPA EntityManagerFactory for persistence unit 'default'
2026-08-12T01:28:40.894+05:30  INFO 10344 --- [chargingservice] [main] o.s.d.j.r.query.QueryEnhancerFactories   : Hibernate is in classpath; If applicable, HQL parser will be used.
2026-08-12T01:28:41.548+05:30  WARN 10344 --- [chargingservice] [main] JpaBaseConfiguration$JpaWebConfiguration : spring.jpa.open-in-view is enabled by default. Therefore, database queries may be performed during view rendering. Explicitly configure spring.jpa.open-in-view to disable this warning
2026-08-12T01:28:42.390+05:30  INFO 10344 --- [chargingservice] [main] o.s.boot.tomcat.TomcatWebServer          : Tomcat started on port 8081 (http) with context path '/'
2026-08-12T01:28:42.407+05:30  INFO 10344 --- [chargingservice] [main] c.d.c.ChargingserviceApplication         : Started ChargingserviceApplication in 13.617 seconds (process running for 15.125)
2026-08-12T01:28:42.414+05:30  INFO 10344 --- [chargingservice] [scheduling-1] c.d.c.scheduler.ChargingScheduler        : Deduction Scheduler started
2026-08-12T01:28:43.318+05:30  WARN 10344 --- [chargingservice] [scheduling-1] c.d.chargingservice.service.Deduction    : Meter Status will remain ACTIVE for the meter: 61415
2026-08-12T01:28:43.345+05:30  WARN 10344 --- [chargingservice] [scheduling-1] c.d.chargingservice.service.Deduction    : Meter Status will remain ACTIVE for the meter: 20215
2026-08-12T01:28:43.433+05:30  INFO 10344 --- [chargingservice] [scheduling-1] c.d.chargingservice.service.Deduction    : MeterStatus updated to INACTIVE: 64846
2026-08-12T01:28:43.434+05:30  INFO 10344 --- [chargingservice] [scheduling-1] c.d.c.scheduler.ChargingScheduler        : Deduction Scheduler completed
2026-08-12T01:29:42.401+05:30  INFO 10344 --- [chargingservice] [scheduling-1] c.d.c.scheduler.ChargingScheduler        : Deduction Scheduler started
2026-08-12T01:29:42.590+05:30  WARN 10344 --- [chargingservice] [scheduling-1] c.d.chargingservice.service.Deduction    : Meter Status will remain ACTIVE for the meter: 61415
2026-08-12T01:29:42.626+05:30  WARN 10344 --- [chargingservice] [scheduling-1] c.d.chargingservice.service.Deduction    : Meter Status will remain ACTIVE for the meter: 20215
2026-08-12T01:29:42.691+05:30  INFO 10344 --- [chargingservice] [scheduling-1] c.d.chargingservice.service.Deduction    : MeterStatus updated to INACTIVE: 64846
2026-08-12T01:29:42.691+05:30  INFO 10344 --- [chargingservice] [scheduling-1] c.d.c.scheduler.ChargingScheduler        : Deduction Scheduler completed
2026-08-12T01:30:42.447+05:30  INFO 10344 --- [chargingservice] [scheduling-1] c.d.c.scheduler.ChargingScheduler        : Deduction Scheduler started
2026-08-12T01:30:42.623+05:30  WARN 10344 --- [chargingservice] [scheduling-1] c.d.chargingservice.service.Deduction    : Meter Status will remain ACTIVE for the meter: 61415
2026-08-12T01:30:42.666+05:30  WARN 10344 --- [chargingservice] [scheduling-1] c.d.chargingservice.service.Deduction    : Meter Status will remain ACTIVE for the meter: 20215
2026-08-12T01:30:42.790+05:30  INFO 10344 --- [chargingservice] [scheduling-1] c.d.chargingservice.service.Deduction    : MeterStatus updated to INACTIVE: 64846
2026-08-12T01:30:42.791+05:30  INFO 10344 --- [chargingservice] [scheduling-1] c.d.c.scheduler.ChargingScheduler        : Deduction Scheduler completed
2026-08-12T01:31:42.402+05:30  INFO 10344 --- [chargingservice] [scheduling-1] c.d.c.scheduler.ChargingScheduler        : Deduction Scheduler started
2026-08-12T01:31:42.483+05:30  WARN 10344 --- [chargingservice] [scheduling-1] c.d.chargingservice.service.Deduction    : Meter Status will remain ACTIVE for the meter: 61415
2026-08-12T01:31:42.510+05:30  WARN 10344 --- [chargingservice] [scheduling-1] c.d.chargingservice.service.Deduction    : Meter Status will remain ACTIVE for the meter: 20215
2026-08-12T01:31:42.560+05:30  INFO 10344 --- [chargingservice] [scheduling-1] c.d.chargingservice.service.Deduction    : MeterStatus updated to INACTIVE: 64846
2026-08-12T01:31:42.561+05:30  INFO 10344 --- [chargingservice] [scheduling-1] c.d.c.scheduler.ChargingScheduler        : Deduction Scheduler completed
2026-08-12T01:31:47.753+05:30  INFO 10344 --- [chargingservice] [SpringApplicationShutdownHook] o.s.boot.tomcat.GracefulShutdown         : Commencing graceful shutdown. Waiting for active requests to complete
2026-08-12T01:31:47.802+05:30  INFO 10344 --- [chargingservice] [tomcat-shutdown] o.s.boot.tomcat.GracefulShutdown         : Graceful shutdown complete
2026-08-12T01:31:47.831+05:30  INFO 10344 --- [chargingservice] [SpringApplicationShutdownHook] j.LocalContainerEntityManagerFactoryBean : Closing JPA EntityManagerFactory for persistence unit 'default'
2026-08-12T01:31:47.845+05:30  INFO 10344 --- [chargingservice] [SpringApplicationShutdownHook] com.zaxxer.hikari.HikariDataSource       : HikariPool-1 - Shutdown initiated...
2026-08-12T01:31:47.891+05:30  INFO 10344 --- [chargingservice] [SpringApplicationShutdownHook] com.zaxxer.hikari.HikariDataSource       : HikariPool-1 - Shutdown completed.
2026-08-12T22:09:48.889+05:30  INFO 13456 --- [chargingservice] [main] c.d.c.ChargingserviceApplication         : Starting ChargingserviceApplication using Java 25.0.1 with PID 13456 (C:\Users\Danish\Downloads\chargingservice\chargingservice\target\classes started by Danish in C:\Users\Danish\Downloads\chargingservice)
2026-08-12T22:09:48.898+05:30  INFO 13456 --- [chargingservice] [main] c.d.c.ChargingserviceApplication         : No active profile set, falling back to 1 default profile: "default"
2026-08-12T22:09:51.482+05:30  INFO 13456 --- [chargingservice] [main] .s.d.r.c.RepositoryConfigurationDelegate : Bootstrapping Spring Data JPA repositories in DEFAULT mode.
2026-08-12T22:09:51.721+05:30  INFO 13456 --- [chargingservice] [main] .s.d.r.c.RepositoryConfigurationDelegate : Finished Spring Data repository scanning in 207 ms. Found 3 JPA repository interfaces.
2026-08-12T22:09:53.474+05:30  INFO 13456 --- [chargingservice] [main] o.s.boot.tomcat.TomcatWebServer          : Tomcat initialized with port 8081 (http)
2026-08-12T22:09:53.512+05:30  INFO 13456 --- [chargingservice] [main] o.apache.catalina.core.StandardService   : Starting service [Tomcat]
2026-08-12T22:09:53.513+05:30  INFO 13456 --- [chargingservice] [main] o.apache.catalina.core.StandardEngine    : Starting Servlet engine: [Apache Tomcat/11.0.22]
2026-08-12T22:09:53.646+05:30  INFO 13456 --- [chargingservice] [main] b.w.c.s.WebApplicationContextInitializer : Root WebApplicationContext: initialization completed in 4528 ms
2026-08-12T22:09:54.165+05:30  INFO 13456 --- [chargingservice] [main] org.hibernate.orm.jpa                    : HHH008540: Processing PersistenceUnitInfo [name: default]
2026-08-12T22:09:54.326+05:30  INFO 13456 --- [chargingservice] [main] org.hibernate.orm.core                   : HHH000001: Hibernate ORM core version 7.2.19.Final
2026-08-12T22:09:55.646+05:30  INFO 13456 --- [chargingservice] [main] o.s.o.j.p.SpringPersistenceUnitInfo      : No LoadTimeWeaver setup: ignoring JPA class transformer
2026-08-12T22:09:55.734+05:30  INFO 13456 --- [chargingservice] [main] com.zaxxer.hikari.HikariDataSource       : HikariPool-1 - Starting...
2026-08-12T22:09:56.182+05:30  INFO 13456 --- [chargingservice] [main] com.zaxxer.hikari.pool.HikariPool        : HikariPool-1 - Added connection org.postgresql.jdbc.PgConnection@3a70575
2026-08-12T22:09:56.188+05:30  INFO 13456 --- [chargingservice] [main] com.zaxxer.hikari.HikariDataSource       : HikariPool-1 - Start completed.
2026-08-12T22:09:56.669+05:30  INFO 13456 --- [chargingservice] [main] org.hibernate.orm.connections.pooling    : HHH10001005: Database info:
	Database JDBC URL [jdbc:postgresql://localhost:5432/chargingservice]
	Database driver: PostgreSQL JDBC Driver
	Database dialect: PostgreSQLDialect
	Database version: 16.11
	Default catalog/schema: chargingservice/public
	Autocommit mode: undefined/unknown
	Isolation level: READ_COMMITTED [default READ_COMMITTED]
	JDBC fetch size: none
	Pool: DataSourceConnectionProvider
	Minimum pool size: undefined/unknown
	Maximum pool size: undefined/unknown
2026-08-12T22:10:04.673+05:30  INFO 13456 --- [chargingservice] [main] org.hibernate.orm.core                   : HHH000489: No JTA platform available (set 'hibernate.transaction.jta.platform' to enable JTA platform integration)
2026-08-12T22:10:05.171+05:30  INFO 13456 --- [chargingservice] [main] j.LocalContainerEntityManagerFactoryBean : Initialized JPA EntityManagerFactory for persistence unit 'default'
2026-08-12T22:10:06.017+05:30  INFO 13456 --- [chargingservice] [main] o.s.d.j.r.query.QueryEnhancerFactories   : Hibernate is in classpath; If applicable, HQL parser will be used.
2026-08-12T22:10:07.885+05:30  WARN 13456 --- [chargingservice] [main] JpaBaseConfiguration$JpaWebConfiguration : spring.jpa.open-in-view is enabled by default. Therefore, database queries may be performed during view rendering. Explicitly configure spring.jpa.open-in-view to disable this warning
2026-08-12T22:10:09.805+05:30  INFO 13456 --- [chargingservice] [main] o.s.boot.tomcat.TomcatWebServer          : Tomcat started on port 8081 (http) with context path '/'
2026-08-12T22:10:09.829+05:30  INFO 13456 --- [chargingservice] [main] c.d.c.ChargingserviceApplication         : Started ChargingserviceApplication in 22.848 seconds (process running for 26.357)
2026-08-12T22:10:09.856+05:30  INFO 13456 --- [chargingservice] [scheduling-1] c.d.c.scheduler.ChargingScheduler        : Deduction Scheduler started
2026-08-12T22:10:10.240+05:30  INFO 13456 --- [chargingservice] [scheduling-1] c.d.c.scheduler.ChargingScheduler        : Deduction Scheduler completed
2026-08-12T22:10:51.593+05:30  INFO 13456 --- [chargingservice] [http-nio-8081-exec-1] o.a.c.c.C.[Tomcat].[localhost].[/]       : Initializing Spring DispatcherServlet 'dispatcherServlet'
2026-08-12T22:10:51.594+05:30  INFO 13456 --- [chargingservice] [http-nio-8081-exec-1] o.s.web.servlet.DispatcherServlet        : Initializing Servlet 'dispatcherServlet'
2026-08-12T22:10:51.599+05:30  INFO 13456 --- [chargingservice] [http-nio-8081-exec-1] o.s.web.servlet.DispatcherServlet        : Completed initialization in 3 ms
2026-08-12T22:10:55.319+05:30  INFO 13456 --- [chargingservice] [http-nio-8081-exec-1] c.d.c.service.CustomerManagement         : New customer added successfully :Customer(meterNumber=65555, msisdn=8271876061, customerName=Ahnaf, address=Kolkata, meterType=RESIDENTIAL, balance=0, createdOn=null, updatedOn=null, topups=[])
2026-08-12T22:10:56.462+05:30  INFO 13456 --- [chargingservice] [http-nio-8081-exec-1] c.d.c.service.CustomerManagement         : Meter API response: MeterResponse(meterNumber=65555, msisdn=8271876061, customerName=Ahnaf, address=Kolkata, meterType=RESIDENTIAL, meterStatus=INACTIVE)
2026-08-12T22:10:56.465+05:30  INFO 13456 --- [chargingservice] [http-nio-8081-exec-1] c.d.c.service.CustomerManagement         : Meter created successfully :MeterRequest(meterNumber=65555, msisdn=8271876061, customerName=Ahnaf, address=Kolkata, meterType=RESIDENTIAL, meterStatus=INACTIVE)
2026-08-12T22:11:09.837+05:30  INFO 13456 --- [chargingservice] [scheduling-1] c.d.c.scheduler.ChargingScheduler        : Deduction Scheduler started
2026-08-12T22:11:09.943+05:30  INFO 13456 --- [chargingservice] [scheduling-1] c.d.c.scheduler.ChargingScheduler        : Deduction Scheduler completed
2026-08-12T22:11:58.531+05:30  INFO 13456 --- [chargingservice] [http-nio-8081-exec-4] c.d.c.service.TopupService               : Topup done successfully for customer: 65555
2026-08-12T22:11:58.576+05:30  INFO 13456 --- [chargingservice] [http-nio-8081-exec-4] c.d.c.service.TopupService               : Entry made in topup table: [FAILED toString()]
2026-08-12T22:11:58.747+05:30  INFO 13456 --- [chargingservice] [http-nio-8081-exec-4] c.d.c.service.TopupService               : MeterStatus updated to ACTIVE: 65555
2026-08-12T22:12:09.838+05:30  INFO 13456 --- [chargingservice] [scheduling-1] c.d.c.scheduler.ChargingScheduler        : Deduction Scheduler started
2026-08-12T22:12:10.073+05:30 ERROR 13456 --- [chargingservice] [scheduling-1] o.s.s.s.TaskUtils$LoggingErrorHandler    : Unexpected error occurred in scheduled task

org.springframework.web.client.HttpClientErrorException$NotFound: 404 Not Found: "Insufficient readings for meter Number: 65555"
	at org.springframework.web.client.HttpClientErrorException.create(HttpClientErrorException.java:115) ~[spring-web-7.0.8.jar:7.0.8]
	at org.springframework.web.client.StatusHandler.createException(StatusHandler.java:132) ~[spring-web-7.0.8.jar:7.0.8]
	at org.springframework.web.client.StatusHandler.lambda$createDefaultStatusHandler$1(StatusHandler.java:107) ~[spring-web-7.0.8.jar:7.0.8]
	at org.springframework.web.client.StatusHandler.handle(StatusHandler.java:75) ~[spring-web-7.0.8.jar:7.0.8]
	at org.springframework.web.client.DefaultRestClient$DefaultResponseSpec.applyStatusHandlers(DefaultRestClient.java:943) ~[spring-web-7.0.8.jar:7.0.8]
	at org.springframework.web.client.DefaultRestClient$DefaultResponseSpec.lambda$readBody$0(DefaultRestClient.java:932) ~[spring-web-7.0.8.jar:7.0.8]
	at org.springframework.web.client.DefaultRestClient.readWithMessageConverters(DefaultRestClient.java:224) ~[spring-web-7.0.8.jar:7.0.8]
	at org.springframework.web.client.DefaultRestClient$DefaultResponseSpec.readBody(DefaultRestClient.java:931) ~[spring-web-7.0.8.jar:7.0.8]
	at org.springframework.web.client.DefaultRestClient$DefaultResponseSpec.lambda$toEntityInternal$0(DefaultRestClient.java:871) ~[spring-web-7.0.8.jar:7.0.8]
	at org.springframework.web.client.DefaultRestClient$DefaultRequestBodyUriSpec.exchangeInternal(DefaultRestClient.java:617) ~[spring-web-7.0.8.jar:7.0.8]
	at org.springframework.web.client.DefaultRestClient$DefaultRequestBodyUriSpec.exchange(DefaultRestClient.java:572) ~[spring-web-7.0.8.jar:7.0.8]
	at org.springframework.web.client.RestClient$RequestHeadersSpec.exchange(RestClient.java:747) ~[spring-web-7.0.8.jar:7.0.8]
	at org.springframework.web.client.DefaultRestClient$DefaultResponseSpec.executeAndExtract(DefaultRestClient.java:924) ~[spring-web-7.0.8.jar:7.0.8]
	at org.springframework.web.client.DefaultRestClient$DefaultResponseSpec.toEntityInternal(DefaultRestClient.java:870) ~[spring-web-7.0.8.jar:7.0.8]
	at org.springframework.web.client.DefaultRestClient$DefaultResponseSpec.toEntity(DefaultRestClient.java:866) ~[spring-web-7.0.8.jar:7.0.8]
	at com.danish.chargingservice.service.Deduction.deductableBalance(Deduction.java:36) ~[classes/:na]
	at com.danish.chargingservice.service.Deduction.updateBalance(Deduction.java:63) ~[classes/:na]
	at com.danish.chargingservice.scheduler.ChargingScheduler.callDeduction(ChargingScheduler.java:18) ~[classes/:na]
	at java.base/jdk.internal.reflect.DirectMethodHandleAccessor.invoke(DirectMethodHandleAccessor.java:104) ~[na:na]
	at java.base/java.lang.reflect.Method.invoke(Method.java:565) ~[na:na]
	at org.springframework.scheduling.support.ScheduledMethodRunnable.runInternal(ScheduledMethodRunnable.java:128) ~[spring-context-7.0.8.jar:7.0.8]
	at org.springframework.scheduling.support.ScheduledMethodRunnable.lambda$run$1(ScheduledMethodRunnable.java:122) ~[spring-context-7.0.8.jar:7.0.8]
	at io.micrometer.observation.Observation.observe(Observation.java:569) ~[micrometer-observation-1.16.6.jar:1.16.6]
	at org.springframework.scheduling.support.ScheduledMethodRunnable.run(ScheduledMethodRunnable.java:122) ~[spring-context-7.0.8.jar:7.0.8]
	at org.springframework.scheduling.config.Task$OutcomeTrackingRunnable.run(Task.java:88) ~[spring-context-7.0.8.jar:7.0.8]
	at org.springframework.scheduling.support.DelegatingErrorHandlingRunnable.run(DelegatingErrorHandlingRunnable.java:54) ~[spring-context-7.0.8.jar:7.0.8]
	at java.base/java.util.concurrent.Executors$RunnableAdapter.call(Executors.java:545) ~[na:na]
	at java.base/java.util.concurrent.FutureTask.runAndReset(FutureTask.java:369) ~[na:na]
	at java.base/java.util.concurrent.ScheduledThreadPoolExecutor$ScheduledFutureTask.run(ScheduledThreadPoolExecutor.java:310) ~[na:na]
	at java.base/java.util.concurrent.ThreadPoolExecutor.runWorker(ThreadPoolExecutor.java:1090) ~[na:na]
	at java.base/java.util.concurrent.ThreadPoolExecutor$Worker.run(ThreadPoolExecutor.java:614) ~[na:na]
	at java.base/java.lang.Thread.run(Thread.java:1474) ~[na:na]

2026-08-12T22:13:09.823+05:30  INFO 13456 --- [chargingservice] [scheduling-1] c.d.c.scheduler.ChargingScheduler        : Deduction Scheduler started
2026-08-12T22:13:09.871+05:30 ERROR 13456 --- [chargingservice] [scheduling-1] o.s.s.s.TaskUtils$LoggingErrorHandler    : Unexpected error occurred in scheduled task

org.springframework.web.client.HttpClientErrorException$NotFound: 404 Not Found: "Insufficient readings for meter Number: 65555"
	at org.springframework.web.client.HttpClientErrorException.create(HttpClientErrorException.java:115) ~[spring-web-7.0.8.jar:7.0.8]
	at org.springframework.web.client.StatusHandler.createException(StatusHandler.java:132) ~[spring-web-7.0.8.jar:7.0.8]
	at org.springframework.web.client.StatusHandler.lambda$createDefaultStatusHandler$1(StatusHandler.java:107) ~[spring-web-7.0.8.jar:7.0.8]
	at org.springframework.web.client.StatusHandler.handle(StatusHandler.java:75) ~[spring-web-7.0.8.jar:7.0.8]
	at org.springframework.web.client.DefaultRestClient$DefaultResponseSpec.applyStatusHandlers(DefaultRestClient.java:943) ~[spring-web-7.0.8.jar:7.0.8]
	at org.springframework.web.client.DefaultRestClient$DefaultResponseSpec.lambda$readBody$0(DefaultRestClient.java:932) ~[spring-web-7.0.8.jar:7.0.8]
	at org.springframework.web.client.DefaultRestClient.readWithMessageConverters(DefaultRestClient.java:224) ~[spring-web-7.0.8.jar:7.0.8]
	at org.springframework.web.client.DefaultRestClient$DefaultResponseSpec.readBody(DefaultRestClient.java:931) ~[spring-web-7.0.8.jar:7.0.8]
	at org.springframework.web.client.DefaultRestClient$DefaultResponseSpec.lambda$toEntityInternal$0(DefaultRestClient.java:871) ~[spring-web-7.0.8.jar:7.0.8]
	at org.springframework.web.client.DefaultRestClient$DefaultRequestBodyUriSpec.exchangeInternal(DefaultRestClient.java:617) ~[spring-web-7.0.8.jar:7.0.8]
	at org.springframework.web.client.DefaultRestClient$DefaultRequestBodyUriSpec.exchange(DefaultRestClient.java:572) ~[spring-web-7.0.8.jar:7.0.8]
	at org.springframework.web.client.RestClient$RequestHeadersSpec.exchange(RestClient.java:747) ~[spring-web-7.0.8.jar:7.0.8]
	at org.springframework.web.client.DefaultRestClient$DefaultResponseSpec.executeAndExtract(DefaultRestClient.java:924) ~[spring-web-7.0.8.jar:7.0.8]
	at org.springframework.web.client.DefaultRestClient$DefaultResponseSpec.toEntityInternal(DefaultRestClient.java:870) ~[spring-web-7.0.8.jar:7.0.8]
	at org.springframework.web.client.DefaultRestClient$DefaultResponseSpec.toEntity(DefaultRestClient.java:866) ~[spring-web-7.0.8.jar:7.0.8]
	at com.danish.chargingservice.service.Deduction.deductableBalance(Deduction.java:36) ~[classes/:na]
	at com.danish.chargingservice.service.Deduction.updateBalance(Deduction.java:63) ~[classes/:na]
	at com.danish.chargingservice.scheduler.ChargingScheduler.callDeduction(ChargingScheduler.java:18) ~[classes/:na]
	at java.base/jdk.internal.reflect.DirectMethodHandleAccessor.invoke(DirectMethodHandleAccessor.java:104) ~[na:na]
	at java.base/java.lang.reflect.Method.invoke(Method.java:565) ~[na:na]
	at org.springframework.scheduling.support.ScheduledMethodRunnable.runInternal(ScheduledMethodRunnable.java:128) ~[spring-context-7.0.8.jar:7.0.8]
	at org.springframework.scheduling.support.ScheduledMethodRunnable.lambda$run$1(ScheduledMethodRunnable.java:122) ~[spring-context-7.0.8.jar:7.0.8]
	at io.micrometer.observation.Observation.observe(Observation.java:569) ~[micrometer-observation-1.16.6.jar:1.16.6]
	at org.springframework.scheduling.support.ScheduledMethodRunnable.run(ScheduledMethodRunnable.java:122) ~[spring-context-7.0.8.jar:7.0.8]
	at org.springframework.scheduling.config.Task$OutcomeTrackingRunnable.run(Task.java:88) ~[spring-context-7.0.8.jar:7.0.8]
	at org.springframework.scheduling.support.DelegatingErrorHandlingRunnable.run(DelegatingErrorHandlingRunnable.java:54) ~[spring-context-7.0.8.jar:7.0.8]
	at java.base/java.util.concurrent.Executors$RunnableAdapter.call(Executors.java:545) ~[na:na]
	at java.base/java.util.concurrent.FutureTask.runAndReset(FutureTask.java:369) ~[na:na]
	at java.base/java.util.concurrent.ScheduledThreadPoolExecutor$ScheduledFutureTask.run(ScheduledThreadPoolExecutor.java:310) ~[na:na]
	at java.base/java.util.concurrent.ThreadPoolExecutor.runWorker(ThreadPoolExecutor.java:1090) ~[na:na]
	at java.base/java.util.concurrent.ThreadPoolExecutor$Worker.run(ThreadPoolExecutor.java:614) ~[na:na]
	at java.base/java.lang.Thread.run(Thread.java:1474) ~[na:na]

2026-08-12T22:14:09.824+05:30  INFO 13456 --- [chargingservice] [scheduling-1] c.d.c.scheduler.ChargingScheduler        : Deduction Scheduler started
2026-08-12T22:14:09.902+05:30 ERROR 13456 --- [chargingservice] [scheduling-1] o.s.s.s.TaskUtils$LoggingErrorHandler    : Unexpected error occurred in scheduled task

org.springframework.web.client.HttpClientErrorException$NotFound: 404 Not Found: "Insufficient readings for meter Number: 65555"
	at org.springframework.web.client.HttpClientErrorException.create(HttpClientErrorException.java:115) ~[spring-web-7.0.8.jar:7.0.8]
	at org.springframework.web.client.StatusHandler.createException(StatusHandler.java:132) ~[spring-web-7.0.8.jar:7.0.8]
	at org.springframework.web.client.StatusHandler.lambda$createDefaultStatusHandler$1(StatusHandler.java:107) ~[spring-web-7.0.8.jar:7.0.8]
	at org.springframework.web.client.StatusHandler.handle(StatusHandler.java:75) ~[spring-web-7.0.8.jar:7.0.8]
	at org.springframework.web.client.DefaultRestClient$DefaultResponseSpec.applyStatusHandlers(DefaultRestClient.java:943) ~[spring-web-7.0.8.jar:7.0.8]
	at org.springframework.web.client.DefaultRestClient$DefaultResponseSpec.lambda$readBody$0(DefaultRestClient.java:932) ~[spring-web-7.0.8.jar:7.0.8]
	at org.springframework.web.client.DefaultRestClient.readWithMessageConverters(DefaultRestClient.java:224) ~[spring-web-7.0.8.jar:7.0.8]
	at org.springframework.web.client.DefaultRestClient$DefaultResponseSpec.readBody(DefaultRestClient.java:931) ~[spring-web-7.0.8.jar:7.0.8]
	at org.springframework.web.client.DefaultRestClient$DefaultResponseSpec.lambda$toEntityInternal$0(DefaultRestClient.java:871) ~[spring-web-7.0.8.jar:7.0.8]
	at org.springframework.web.client.DefaultRestClient$DefaultRequestBodyUriSpec.exchangeInternal(DefaultRestClient.java:617) ~[spring-web-7.0.8.jar:7.0.8]
	at org.springframework.web.client.DefaultRestClient$DefaultRequestBodyUriSpec.exchange(DefaultRestClient.java:572) ~[spring-web-7.0.8.jar:7.0.8]
	at org.springframework.web.client.RestClient$RequestHeadersSpec.exchange(RestClient.java:747) ~[spring-web-7.0.8.jar:7.0.8]
	at org.springframework.web.client.DefaultRestClient$DefaultResponseSpec.executeAndExtract(DefaultRestClient.java:924) ~[spring-web-7.0.8.jar:7.0.8]
	at org.springframework.web.client.DefaultRestClient$DefaultResponseSpec.toEntityInternal(DefaultRestClient.java:870) ~[spring-web-7.0.8.jar:7.0.8]
	at org.springframework.web.client.DefaultRestClient$DefaultResponseSpec.toEntity(DefaultRestClient.java:866) ~[spring-web-7.0.8.jar:7.0.8]
	at com.danish.chargingservice.service.Deduction.deductableBalance(Deduction.java:36) ~[classes/:na]
	at com.danish.chargingservice.service.Deduction.updateBalance(Deduction.java:63) ~[classes/:na]
	at com.danish.chargingservice.scheduler.ChargingScheduler.callDeduction(ChargingScheduler.java:18) ~[classes/:na]
	at java.base/jdk.internal.reflect.DirectMethodHandleAccessor.invoke(DirectMethodHandleAccessor.java:104) ~[na:na]
	at java.base/java.lang.reflect.Method.invoke(Method.java:565) ~[na:na]
	at org.springframework.scheduling.support.ScheduledMethodRunnable.runInternal(ScheduledMethodRunnable.java:128) ~[spring-context-7.0.8.jar:7.0.8]
	at org.springframework.scheduling.support.ScheduledMethodRunnable.lambda$run$1(ScheduledMethodRunnable.java:122) ~[spring-context-7.0.8.jar:7.0.8]
	at io.micrometer.observation.Observation.observe(Observation.java:569) ~[micrometer-observation-1.16.6.jar:1.16.6]
	at org.springframework.scheduling.support.ScheduledMethodRunnable.run(ScheduledMethodRunnable.java:122) ~[spring-context-7.0.8.jar:7.0.8]
	at org.springframework.scheduling.config.Task$OutcomeTrackingRunnable.run(Task.java:88) ~[spring-context-7.0.8.jar:7.0.8]
	at org.springframework.scheduling.support.DelegatingErrorHandlingRunnable.run(DelegatingErrorHandlingRunnable.java:54) ~[spring-context-7.0.8.jar:7.0.8]
	at java.base/java.util.concurrent.Executors$RunnableAdapter.call(Executors.java:545) ~[na:na]
	at java.base/java.util.concurrent.FutureTask.runAndReset(FutureTask.java:369) ~[na:na]
	at java.base/java.util.concurrent.ScheduledThreadPoolExecutor$ScheduledFutureTask.run(ScheduledThreadPoolExecutor.java:310) ~[na:na]
	at java.base/java.util.concurrent.ThreadPoolExecutor.runWorker(ThreadPoolExecutor.java:1090) ~[na:na]
	at java.base/java.util.concurrent.ThreadPoolExecutor$Worker.run(ThreadPoolExecutor.java:614) ~[na:na]
	at java.base/java.lang.Thread.run(Thread.java:1474) ~[na:na]

2026-08-12T22:15:09.822+05:30  INFO 13456 --- [chargingservice] [scheduling-1] c.d.c.scheduler.ChargingScheduler        : Deduction Scheduler started
2026-08-12T22:15:09.861+05:30 ERROR 13456 --- [chargingservice] [scheduling-1] o.s.s.s.TaskUtils$LoggingErrorHandler    : Unexpected error occurred in scheduled task

org.springframework.web.client.HttpClientErrorException$NotFound: 404 Not Found: "Insufficient readings for meter Number: 65555"
	at org.springframework.web.client.HttpClientErrorException.create(HttpClientErrorException.java:115) ~[spring-web-7.0.8.jar:7.0.8]
	at org.springframework.web.client.StatusHandler.createException(StatusHandler.java:132) ~[spring-web-7.0.8.jar:7.0.8]
	at org.springframework.web.client.StatusHandler.lambda$createDefaultStatusHandler$1(StatusHandler.java:107) ~[spring-web-7.0.8.jar:7.0.8]
	at org.springframework.web.client.StatusHandler.handle(StatusHandler.java:75) ~[spring-web-7.0.8.jar:7.0.8]
	at org.springframework.web.client.DefaultRestClient$DefaultResponseSpec.applyStatusHandlers(DefaultRestClient.java:943) ~[spring-web-7.0.8.jar:7.0.8]
	at org.springframework.web.client.DefaultRestClient$DefaultResponseSpec.lambda$readBody$0(DefaultRestClient.java:932) ~[spring-web-7.0.8.jar:7.0.8]
	at org.springframework.web.client.DefaultRestClient.readWithMessageConverters(DefaultRestClient.java:224) ~[spring-web-7.0.8.jar:7.0.8]
	at org.springframework.web.client.DefaultRestClient$DefaultResponseSpec.readBody(DefaultRestClient.java:931) ~[spring-web-7.0.8.jar:7.0.8]
	at org.springframework.web.client.DefaultRestClient$DefaultResponseSpec.lambda$toEntityInternal$0(DefaultRestClient.java:871) ~[spring-web-7.0.8.jar:7.0.8]
	at org.springframework.web.client.DefaultRestClient$DefaultRequestBodyUriSpec.exchangeInternal(DefaultRestClient.java:617) ~[spring-web-7.0.8.jar:7.0.8]
	at org.springframework.web.client.DefaultRestClient$DefaultRequestBodyUriSpec.exchange(DefaultRestClient.java:572) ~[spring-web-7.0.8.jar:7.0.8]
	at org.springframework.web.client.RestClient$RequestHeadersSpec.exchange(RestClient.java:747) ~[spring-web-7.0.8.jar:7.0.8]
	at org.springframework.web.client.DefaultRestClient$DefaultResponseSpec.executeAndExtract(DefaultRestClient.java:924) ~[spring-web-7.0.8.jar:7.0.8]
	at org.springframework.web.client.DefaultRestClient$DefaultResponseSpec.toEntityInternal(DefaultRestClient.java:870) ~[spring-web-7.0.8.jar:7.0.8]
	at org.springframework.web.client.DefaultRestClient$DefaultResponseSpec.toEntity(DefaultRestClient.java:866) ~[spring-web-7.0.8.jar:7.0.8]
	at com.danish.chargingservice.service.Deduction.deductableBalance(Deduction.java:36) ~[classes/:na]
	at com.danish.chargingservice.service.Deduction.updateBalance(Deduction.java:63) ~[classes/:na]
	at com.danish.chargingservice.scheduler.ChargingScheduler.callDeduction(ChargingScheduler.java:18) ~[classes/:na]
	at java.base/jdk.internal.reflect.DirectMethodHandleAccessor.invoke(DirectMethodHandleAccessor.java:104) ~[na:na]
	at java.base/java.lang.reflect.Method.invoke(Method.java:565) ~[na:na]
	at org.springframework.scheduling.support.ScheduledMethodRunnable.runInternal(ScheduledMethodRunnable.java:128) ~[spring-context-7.0.8.jar:7.0.8]
	at org.springframework.scheduling.support.ScheduledMethodRunnable.lambda$run$1(ScheduledMethodRunnable.java:122) ~[spring-context-7.0.8.jar:7.0.8]
	at io.micrometer.observation.Observation.observe(Observation.java:569) ~[micrometer-observation-1.16.6.jar:1.16.6]
	at org.springframework.scheduling.support.ScheduledMethodRunnable.run(ScheduledMethodRunnable.java:122) ~[spring-context-7.0.8.jar:7.0.8]
	at org.springframework.scheduling.config.Task$OutcomeTrackingRunnable.run(Task.java:88) ~[spring-context-7.0.8.jar:7.0.8]
	at org.springframework.scheduling.support.DelegatingErrorHandlingRunnable.run(DelegatingErrorHandlingRunnable.java:54) ~[spring-context-7.0.8.jar:7.0.8]
	at java.base/java.util.concurrent.Executors$RunnableAdapter.call(Executors.java:545) ~[na:na]
	at java.base/java.util.concurrent.FutureTask.runAndReset(FutureTask.java:369) ~[na:na]
	at java.base/java.util.concurrent.ScheduledThreadPoolExecutor$ScheduledFutureTask.run(ScheduledThreadPoolExecutor.java:310) ~[na:na]
	at java.base/java.util.concurrent.ThreadPoolExecutor.runWorker(ThreadPoolExecutor.java:1090) ~[na:na]
	at java.base/java.util.concurrent.ThreadPoolExecutor$Worker.run(ThreadPoolExecutor.java:614) ~[na:na]
	at java.base/java.lang.Thread.run(Thread.java:1474) ~[na:na]

2026-08-12T22:15:51.609+05:30  INFO 13456 --- [chargingservice] [http-nio-8081-exec-8] c.d.c.service.TopupService               : Topup done successfully for customer: 65555
2026-08-12T22:15:51.619+05:30  INFO 13456 --- [chargingservice] [http-nio-8081-exec-8] c.d.c.service.TopupService               : Entry made in topup table: [FAILED toString()]
2026-08-12T22:15:51.780+05:30  WARN 13456 --- [chargingservice] [http-nio-8081-exec-8] c.d.c.service.TopupService               : Meter Status will remain same for the meter: 65555ACTIVE
2026-08-12T22:15:55.169+05:30  INFO 13456 --- [chargingservice] [http-nio-8081-exec-9] c.d.c.service.TopupService               : Topup done successfully for customer: 65555
2026-08-12T22:15:55.177+05:30  INFO 13456 --- [chargingservice] [http-nio-8081-exec-9] c.d.c.service.TopupService               : Entry made in topup table: [FAILED toString()]
2026-08-12T22:15:55.463+05:30  WARN 13456 --- [chargingservice] [http-nio-8081-exec-9] c.d.c.service.TopupService               : Meter Status will remain same for the meter: 65555ACTIVE
2026-08-12T22:16:09.822+05:30  INFO 13456 --- [chargingservice] [scheduling-1] c.d.c.scheduler.ChargingScheduler        : Deduction Scheduler started
2026-08-12T22:16:09.985+05:30  WARN 13456 --- [chargingservice] [scheduling-1] c.d.chargingservice.service.Deduction    : Meter Status will remain ACTIVE for the meter: 65555
2026-08-12T22:16:09.986+05:30  INFO 13456 --- [chargingservice] [scheduling-1] c.d.c.scheduler.ChargingScheduler        : Deduction Scheduler completed
2026-08-12T22:17:09.822+05:30  INFO 13456 --- [chargingservice] [scheduling-1] c.d.c.scheduler.ChargingScheduler        : Deduction Scheduler started
2026-08-12T22:17:09.873+05:30  WARN 13456 --- [chargingservice] [scheduling-1] c.d.chargingservice.service.Deduction    : Meter Status will remain ACTIVE for the meter: 65555
2026-08-12T22:17:09.873+05:30  INFO 13456 --- [chargingservice] [scheduling-1] c.d.c.scheduler.ChargingScheduler        : Deduction Scheduler completed
2026-08-12T22:18:09.822+05:30  INFO 13456 --- [chargingservice] [scheduling-1] c.d.c.scheduler.ChargingScheduler        : Deduction Scheduler started
2026-08-12T22:18:09.876+05:30  WARN 13456 --- [chargingservice] [scheduling-1] c.d.chargingservice.service.Deduction    : Meter Status will remain ACTIVE for the meter: 65555
2026-08-12T22:18:09.876+05:30  INFO 13456 --- [chargingservice] [scheduling-1] c.d.c.scheduler.ChargingScheduler        : Deduction Scheduler completed
2026-08-12T22:19:09.826+05:30  INFO 13456 --- [chargingservice] [scheduling-1] c.d.c.scheduler.ChargingScheduler        : Deduction Scheduler started
2026-08-12T22:19:09.918+05:30  WARN 13456 --- [chargingservice] [scheduling-1] c.d.chargingservice.service.Deduction    : Meter Status will remain ACTIVE for the meter: 65555
2026-08-12T22:19:09.918+05:30  INFO 13456 --- [chargingservice] [scheduling-1] c.d.c.scheduler.ChargingScheduler        : Deduction Scheduler completed
2026-08-12T22:20:09.822+05:30  INFO 13456 --- [chargingservice] [scheduling-1] c.d.c.scheduler.ChargingScheduler        : Deduction Scheduler started
2026-08-12T22:20:09.873+05:30  WARN 13456 --- [chargingservice] [scheduling-1] c.d.chargingservice.service.Deduction    : Meter Status will remain ACTIVE for the meter: 65555
2026-08-12T22:20:09.874+05:30  INFO 13456 --- [chargingservice] [scheduling-1] c.d.c.scheduler.ChargingScheduler        : Deduction Scheduler completed
2026-08-12T22:21:09.822+05:30  INFO 13456 --- [chargingservice] [scheduling-1] c.d.c.scheduler.ChargingScheduler        : Deduction Scheduler started
2026-08-12T22:21:09.892+05:30  WARN 13456 --- [chargingservice] [scheduling-1] c.d.chargingservice.service.Deduction    : Meter Status will remain ACTIVE for the meter: 65555
2026-08-12T22:21:09.893+05:30  INFO 13456 --- [chargingservice] [scheduling-1] c.d.c.scheduler.ChargingScheduler        : Deduction Scheduler completed
2026-08-12T22:22:09.823+05:30  INFO 13456 --- [chargingservice] [scheduling-1] c.d.c.scheduler.ChargingScheduler        : Deduction Scheduler started
2026-08-12T22:22:09.946+05:30  INFO 13456 --- [chargingservice] [scheduling-1] c.d.chargingservice.service.Deduction    : MeterStatus updated to INACTIVE: 65555
2026-08-12T22:22:09.947+05:30  INFO 13456 --- [chargingservice] [scheduling-1] c.d.c.scheduler.ChargingScheduler        : Deduction Scheduler completed
2026-08-12T22:23:09.823+05:30  INFO 13456 --- [chargingservice] [scheduling-1] c.d.c.scheduler.ChargingScheduler        : Deduction Scheduler started
2026-08-12T22:23:09.842+05:30  INFO 13456 --- [chargingservice] [scheduling-1] c.d.c.scheduler.ChargingScheduler        : Deduction Scheduler completed
2026-08-12T22:23:58.251+05:30  INFO 13456 --- [chargingservice] [SpringApplicationShutdownHook] o.s.boot.tomcat.GracefulShutdown         : Commencing graceful shutdown. Waiting for active requests to complete
2026-08-12T22:23:58.456+05:30  INFO 13456 --- [chargingservice] [tomcat-shutdown] o.s.boot.tomcat.GracefulShutdown         : Graceful shutdown complete
2026-08-12T22:23:58.467+05:30  INFO 13456 --- [chargingservice] [SpringApplicationShutdownHook] j.LocalContainerEntityManagerFactoryBean : Closing JPA EntityManagerFactory for persistence unit 'default'
2026-08-12T22:23:58.476+05:30  INFO 13456 --- [chargingservice] [SpringApplicationShutdownHook] com.zaxxer.hikari.HikariDataSource       : HikariPool-1 - Shutdown initiated...
2026-08-12T22:23:58.511+05:30  INFO 13456 --- [chargingservice] [SpringApplicationShutdownHook] com.zaxxer.hikari.HikariDataSource       : HikariPool-1 - Shutdown completed.
